[    2898ms] [ERROR] Failed to load resource: the server responded with a status of 500 (Internal Server Error) @ http://localhost:3000/:0
[    3594ms] [INFO] %cDownload the React DevTools for a better development experience: https://react.dev/link/react-devtools font-weight:bold @ webpack-internal:///(pages-dir-browser)/./node_modules/react-dom/cjs/react-dom-client.development.js:31148
[    3687ms] TypeError: __webpack_modules__[moduleId] is not a function
    at Object.__webpack_require__ [as require] (file://C:\Users\User\Desktop\proekt223\.next\server\webpack-runtime.js:25:42)
    at Object.require (file://C:\Users\User\Desktop\proekt223\node_modules\next\dist\compiled\next-server\app-page.runtime.dev.js:40:28568)
    at globalThis.__next_require__ (file://C:\Users\User\Desktop\proekt223\node_modules\next\dist\compiled\next-server\app-page.runtime.dev.js:40:29391)
    at requireModule (file://C:\Users\User\Desktop\proekt223\node_modules\next\dist\compiled\next-server\app-page.runtime.dev.js:2:318257)
    at initializeModuleChunk (file://C:\Users\User\Desktop\proekt223\node_modules\next\dist\compiled\next-server\app-page.runtime.dev.js:2:347655)
    at getOutlinedModel (file://C:\Users\User\Desktop\proekt223\node_modules\next\dist\compiled\next-server\app-page.runtime.dev.js:2:357414)
    at <unknown> (file://C:\Users\User\Desktop\proekt223\node_modules\next\dist\compiled\next-server\app-page.runtime.dev.js:2:365575)
    at ResponseInstance._fromJSON (file://C:\Users\User\Desktop\proekt223\node_modules\next\dist\compiled\next-server\app-page.runtime.dev.js:2:365666)
    at JSON.parse (<anonymous>)
    at initializeModelChunk (file://C:\Users\User\Desktop\proekt223\node_modules\next\dist\compiled\next-server\app-page.runtime.dev.js:2:347046)
    at resolveModelChunk (file://C:\Users\User\Desktop\proekt223\node_modules\next\dist\compiled\next-server\app-page.runtime.dev.js:2:345334)
    at processFullStringRow (file://C:\Users\User\Desktop\proekt223\node_modules\next\dist\compiled\next-server\app-page.runtime.dev.js:2:384686)
    at <unknown> (file://C:\Users\User\Desktop\proekt223\node_modules\next\dist\compiled\next-server\app-page.runtime.dev.js:2:387089)
    at processBinaryChunk (file://C:\Users\User\Desktop\proekt223\node_modules\next\dist\compiled\next-server\app-page.runtime.dev.js:2:387161)
    at progress (file://C:\Users\User\Desktop\proekt223\node_modules\next\dist\compiled\next-server\app-page.runtime.dev.js:2:388689)
[    3704ms] [LOG] [HMR] connected @ webpack-internal:///(pages-dir-browser)/./node_modules/next/dist/client/dev/hot-reloader/pages/websocket.js:45
[    3706ms] [LOG] [Fast Refresh] rebuilding @ webpack-internal:///(pages-dir-browser)/./node_modules/next/dist/client/dev/hot-reloader/pages/hot-reloader-pages.js:206
[    3710ms] [ERROR] Failed to load resource: the server responded with a status of 404 (Not Found) @ http://localhost:3000/favicon.ico:0
[    4322ms] [WARNING] [Fast Refresh] performing full reload because your application had an unrecoverable error @ webpack-internal:///(pages-dir-browser)/./node_modules/next/dist/client/dev/hot-reloader/pages/hot-reloader-pages.js:347
[    4626ms] [LOG] [Fast Refresh] rebuilding @ webpack-internal:///(pages-dir-browser)/./node_modules/next/dist/client/dev/hot-reloader/pages/hot-reloader-pages.js:206
[    4947ms] [ERROR] Failed to load resource: the server responded with a status of 404 (Not Found) @ http://localhost:3000/_next/static/css/app/layout.css?v=1789728405854:0
[    5004ms] [ERROR] Failed to load resource: the server responded with a status of 404 (Not Found) @ http://localhost:3000/_next/static/chunks/main-app.js?v=1789728405854:0
[    5005ms] [ERROR] Failed to load resource: the server responded with a status of 404 (Not Found) @ http://localhost:3000/_next/static/chunks/app/page.js:0
[    5012ms] [ERROR] Failed to load resource: the server responded with a status of 404 (Not Found) @ http://localhost:3000/_next/static/chunks/app-pages-internals.js:0
[   13237ms] [ERROR] Failed to load resource: the server responded with a status of 404 (Not Found) @ http://localhost:3000/_next/static/css/app/layout.css?v=1789728414193:0
[   13251ms] [ERROR] Failed to load resource: the server responded with a status of 404 (Not Found) @ http://localhost:3000/_next/static/chunks/main-app.js?v=1789728414193:0
[   13254ms] [ERROR] Failed to load resource: the server responded with a status of 404 (Not Found) @ http://localhost:3000/_next/static/chunks/app-pages-internals.js:0
[   13255ms] [ERROR] Failed to load resource: the server responded with a status of 404 (Not Found) @ http://localhost:3000/_next/static/chunks/app/page.js:0
