[      -1ms] [ERROR] Failed to load resource: the server responded with a status of 401 (Unauthorized) @ https://www.sm-estetica.ru/:0
[     489ms] [LOG] {} @ https://www.sm-estetica.ru/__qrator/qauth.js:1
[     489ms] [LOG] 0 @ https://www.sm-estetica.ru/__qrator/qauth.js:1
[     490ms] [LOG] function canPlayType() { [native code] } @ https://www.sm-estetica.ru/__qrator/qauth.js:1
[     490ms] [LOG] function toString() { [native code] } @ https://www.sm-estetica.ru/__qrator/qauth.js:1
[     490ms] [LOG] function call() { [native code] } @ https://www.sm-estetica.ru/__qrator/qauth.js:1
[     491ms] [LOG] function getParameter() { [native code] } @ https://www.sm-estetica.ru/__qrator/qauth.js:1
[    1051ms] [LOG] l @ https://www.sm-estetica.ru/__qrator/qauth.js:1
[    2225ms] [WARNING] (Yandex Maps JS API): Invalid API key @ https://api-maps.yandex.ru/2.1/?lang=ru_RU:0
[    8088ms] [ERROR] Failed to load resource: the server responded with a status of 404 (Not Found) @ https://www.sm-estetica.ru/local/templates/sm/blocks/img/svg/network-flowers.svg:0
[   23985ms] TypeError: Cannot read properties of null (reading 'classList')
    at HTMLDocument.<anonymous> (<anonymous>:7:31)
[   32919ms] [ERROR] Failed to load resource: net::ERR_TIMED_OUT @ https://api.mindbox.ru/scripts/v1/tracker.js:0
[   37429ms] [ERROR] Failed to load resource: net::ERR_TIMED_OUT @ https://wwwsmclinicru.webim.ru/button.php:0
[   37747ms] [ERROR] Failed to load resource: net::ERR_TIMED_OUT @ https://wwwsmclinicru.webim.ru/js/button.js:0
[   38286ms] [ERROR] Failed to load resource: net::ERR_TIMED_OUT @ https://ab-ct.ru/fields.js?i=2:0
[   38825ms] [ERROR] Failed to load resource: net::ERR_TIMED_OUT @ https://ingest-yc.rivox.io/session/v2:0
[   38834ms] [ERROR] Failed to load resource: net::ERR_TIMED_OUT @ https://ingest-yc.rivox.io/dump:0
[   38898ms] [ERROR] Failed to load resource: net::ERR_TIMED_OUT @ https://ingest-yc.rivox.io/session/v2:0
[   49221ms] [ERROR] Failed to load resource: net::ERR_CERT_AUTHORITY_INVALID @ https://mdd.yandex.net/:0
[   49258ms] [ERROR] Failed to load resource: net::ERR_CERT_AUTHORITY_INVALID @ https://hdrc.yandex.net/:0
[   52813ms] TypeError: Cannot read properties of null (reading 'classList')
    at HTMLDocument.<anonymous> (<anonymous>:7:31)
[   53855ms] [ERROR] Failed to load resource: net::ERR_TIMED_OUT @ https://ingest-yc.rivox.io/dump:0
